
> rest-express@1.0.0 build
> vite build

[36mvite v7.2.6 [32mbuilding client environment for production...[36m[39m
transforming...
[32mΓ£ô[39m 45 modules transformed.
node.exe : [31mΓ£ù[39m 
Build failed in 1.60s
At line:1 char:1
+ & "C:\Program 
Files\nodejs/node.exe" 
"C:\Program 
Files\nodejs/node_mo ...
+ ~~~~~~~~~~~~~~~~~~~~~~~~~~
~~~~~~~~~~~~~~~~~~~~~~~~~~~~
~~~~~~~~~~~~~~~
    + CategoryInfo          
    : NotSpecified: ([31m  
  Γ£ù[39m Build failed i   
 n 1.60s:String) [], Rem    
oteException
    + FullyQualifiedErrorId 
    : NativeCommandError
 
[31merror during build:
[31m[vite:esbuild] 
Transform failed with 1 
error:
D:/BILL BOOK APP/GitImport/c
lient/src/components/CreateI
nvoice.tsx:631:0: ERROR: 
Top-level return cannot be 
used inside an ECMAScript 
module[31m
file: [36mD:/BILL BOOK APP/
GitImport/client/src/compone
nts/CreateInvoice.tsx:631:0
[31m
[33m
[33mTop-level return 
cannot be used inside an 
ECMAScript module[33m
629 |  });
630 |  
631 |  return (
    |  ^
632 |    <div 
className="bg-background 
min-h-screen pb-48 
font-sans">
633 |      {/* Edit Warning 
Modal */}
[31m
    at failureErrorWithLog 
(D:\BILL BOOK APP\GitImport\
node_modules\esbuild\lib\mai
n.js:1467:15)
    at D:\BILL BOOK APP\GitI
mport\node_modules\esbuild\l
ib\main.js:736:50
    at responseCallbacks.<co
mputed> (D:\BILL BOOK APP\Gi
tImport\node_modules\esbuild
\lib\main.js:603:9)
    at handleIncomingPacket 
(D:\BILL BOOK APP\GitImport\
node_modules\esbuild\lib\mai
n.js:658:12)
    at 
Socket.readFromStdout 
(D:\BILL BOOK APP\GitImport\
node_modules\esbuild\lib\mai
n.js:581:7)
    at Socket.emit 
(node:events:508:28)
    at addChunk (node:intern
al/streams/readable:559:12)
    at readableAddChunkPushB
yteMode (node:internal/strea
ms/readable:510:3)
    at Readable.push (node:i
nternal/streams/readable:390
:5)
    at Pipe.onStreamRead (no
de:internal/stream_base_comm
ons:189:23)[39m
